// Jest Snapshot v1, https://goo.gl/fbAQLP

exports[`Testing NavBar page Render NavBar page correctly 1`] = `
Object {
  "asFragment": [Function],
  "baseElement": <body>
    <div>
      <nav
        class="nav-bar navbar navbar-expand-lg navbar-dark bg-dark"
      >
        <div
          class="container"
        >
          <a
            href="/"
            style="color: rgb(255, 255, 255);"
          >
            CryptoCurrencies
          </a>
          <button
            aria-controls="navbarScroll"
            aria-label="Toggle navigation"
            class="navbar-toggler collapsed"
            type="button"
          >
            <span
              class="navbar-toggler-icon"
            />
          </button>
          <div
            class="navbar-collapse collapse"
            id="navbarScroll"
          >
            <div
              class="me-auto my-2 my-lg-0 navbar-nav navbar-nav-scroll"
              style="max-height: 100px;"
            />
          </div>
        </div>
      </nav>
    </div>
  </body>,
  "container": <div>
    <nav
      class="nav-bar navbar navbar-expand-lg navbar-dark bg-dark"
    >
      <div
        class="container"
      >
        <a
          href="/"
          style="color: rgb(255, 255, 255);"
        >
          CryptoCurrencies
        </a>
        <button
          aria-controls="navbarScroll"
          aria-label="Toggle navigation"
          class="navbar-toggler collapsed"
          type="button"
        >
          <span
            class="navbar-toggler-icon"
          />
        </button>
        <div
          class="navbar-collapse collapse"
          id="navbarScroll"
        >
          <div
            class="me-auto my-2 my-lg-0 navbar-nav navbar-nav-scroll"
            style="max-height: 100px;"
          />
        </div>
      </div>
    </nav>
  </div>,
  "debug": [Function],
  "findAllByAltText": [Function],
  "findAllByDisplayValue": [Function],
  "findAllByLabelText": [Function],
  "findAllByPlaceholderText": [Function],
  "findAllByRole": [Function],
  "findAllByTestId": [Function],
  "findAllByText": [Function],
  "findAllByTitle": [Function],
  "findByAltText": [Function],
  "findByDisplayValue": [Function],
  "findByLabelText": [Function],
  "findByPlaceholderText": [Function],
  "findByRole": [Function],
  "findByTestId": [Function],
  "findByText": [Function],
  "findByTitle": [Function],
  "getAllByAltText": [Function],
  "getAllByDisplayValue": [Function],
  "getAllByLabelText": [Function],
  "getAllByPlaceholderText": [Function],
  "getAllByRole": [Function],
  "getAllByTestId": [Function],
  "getAllByText": [Function],
  "getAllByTitle": [Function],
  "getByAltText": [Function],
  "getByDisplayValue": [Function],
  "getByLabelText": [Function],
  "getByPlaceholderText": [Function],
  "getByRole": [Function],
  "getByTestId": [Function],
  "getByText": [Function],
  "getByTitle": [Function],
  "queryAllByAltText": [Function],
  "queryAllByDisplayValue": [Function],
  "queryAllByLabelText": [Function],
  "queryAllByPlaceholderText": [Function],
  "queryAllByRole": [Function],
  "queryAllByTestId": [Function],
  "queryAllByText": [Function],
  "queryAllByTitle": [Function],
  "queryByAltText": [Function],
  "queryByDisplayValue": [Function],
  "queryByLabelText": [Function],
  "queryByPlaceholderText": [Function],
  "queryByRole": [Function],
  "queryByTestId": [Function],
  "queryByText": [Function],
  "queryByTitle": [Function],
  "rerender": [Function],
  "unmount": [Function],
}
`;
